14:01:55 **** Incremental Build of configuration Debug for project stm32_t12_soldering_station ****
Info: Internal Builder is used for build
arm-atollic-eabi-gcc -c ..\src\periph_init.c -mthumb -mcpu=cortex-m3 -std=gnu11 -DSTM32F10X_MD -DDEBUG -DUSE_STDPERIPH_DRIVER -I../src -I../Libraries/STM32F10x_StdPeriph_Driver/inc -I../Libraries/CMSIS/Device/ST/STM32F10x/Include -I../Libraries/CMSIS/Include -O0 -ffunction-sections -fdata-sections -g -fstack-usage -Wall -o src\periph_init.o 
In file included from ..\src\periph_init.c:14:0:
..\src\defs.h:12:9: note: #pragma message: debug configuration
 #pragma message "debug configuration"
         ^~~~~~~
arm-atollic-eabi-gcc -o stm32_t12_soldering_station.elf Libraries\STM32F10x_StdPeriph_Driver\src\misc.o Libraries\STM32F10x_StdPeriph_Driver\src\stm32f10x_adc.o Libraries\STM32F10x_StdPeriph_Driver\src\stm32f10x_bkp.o Libraries\STM32F10x_StdPeriph_Driver\src\stm32f10x_can.o Libraries\STM32F10x_StdPeriph_Driver\src\stm32f10x_cec.o Libraries\STM32F10x_StdPeriph_Driver\src\stm32f10x_crc.o Libraries\STM32F10x_StdPeriph_Driver\src\stm32f10x_dac.o Libraries\STM32F10x_StdPeriph_Driver\src\stm32f10x_dbgmcu.o Libraries\STM32F10x_StdPeriph_Driver\src\stm32f10x_dma.o Libraries\STM32F10x_StdPeriph_Driver\src\stm32f10x_exti.o Libraries\STM32F10x_StdPeriph_Driver\src\stm32f10x_flash.o Libraries\STM32F10x_StdPeriph_Driver\src\stm32f10x_fsmc.o Libraries\STM32F10x_StdPeriph_Driver\src\stm32f10x_gpio.o Libraries\STM32F10x_StdPeriph_Driver\src\stm32f10x_i2c.o Libraries\STM32F10x_StdPeriph_Driver\src\stm32f10x_iwdg.o Libraries\STM32F10x_StdPeriph_Driver\src\stm32f10x_pwr.o Libraries\STM32F10x_StdPeriph_Driver\src\stm32f10x_rcc.o Libraries\STM32F10x_StdPeriph_Driver\src\stm32f10x_rtc.o Libraries\STM32F10x_StdPeriph_Driver\src\stm32f10x_sdio.o Libraries\STM32F10x_StdPeriph_Driver\src\stm32f10x_spi.o Libraries\STM32F10x_StdPeriph_Driver\src\stm32f10x_tim.o Libraries\STM32F10x_StdPeriph_Driver\src\stm32f10x_usart.o Libraries\STM32F10x_StdPeriph_Driver\src\stm32f10x_wwdg.o src\main.o src\periph_init.o src\startup_stm32f10x_md.o src\stm32f1xx_it.o src\system_stm32f10x.o src\tiny_printf.o -mthumb -mcpu=cortex-m3 -T../stm32_flash.ld -specs=nosys.specs -static -Wl,-cref,-u,Reset_Handler -Wl,-Map=stm32_t12_soldering_station.map -Wl,--gc-sections -Wl,--defsym=malloc_getpagesize_P=0x80 -Wl,--start-group -lc -lm -Wl,--end-group 
C:\Program Files (x86)\Atollic\TrueSTUDIO for STM32 9.3.0\ide\jre\bin\java -jar C:\Program Files (x86)\Atollic\TrueSTUDIO for STM32 9.3.0\Tools\arm-atollic-reports.jar sizeinfo list stm32_t12_soldering_station.elf 
Generate build reports...
Print size information
   text	   data	    bss	    dec	    hex	filename
   2040	     12	    284	   2336	    920	stm32_t12_soldering_station.elf
Print size information done
Generate listing file
Output sent to: stm32_t12_soldering_station.list
Generate listing file done
Generate build reports done
14:23:26 **** Rebuild of configuration Debug for project stm32_t12_soldering_station ****
Info: Internal Builder is used for build
arm-atollic-eabi-gcc -c ..\Libraries\STM32F10x_StdPeriph_Driver\src\stm32f10x_dac.c -mthumb -mcpu=cortex-m3 -std=gnu11 -DSTM32F10X_MD -DDEBUG -DUSE_STDPERIPH_DRIVER -I../src -I../Libraries/STM32F10x_StdPeriph_Driver/inc -I../Libraries/CMSIS/Device/ST/STM32F10x/Include -I../Libraries/CMSIS/Include -O0 -ffunction-sections -fdata-sections -g -fstack-usage -Wall -o Libraries\STM32F10x_StdPeriph_Driver\src\stm32f10x_dac.o 
arm-atollic-eabi-gcc -c ..\Libraries\STM32F10x_StdPeriph_Driver\src\stm32f10x_tim.c -mthumb -mcpu=cortex-m3 -std=gnu11 -DSTM32F10X_MD -DDEBUG -DUSE_STDPERIPH_DRIVER -I../src -I../Libraries/STM32F10x_StdPeriph_Driver/inc -I../Libraries/CMSIS/Device/ST/STM32F10x/Include -I../Libraries/CMSIS/Include -O0 -ffunction-sections -fdata-sections -g -fstack-usage -Wall -o Libraries\STM32F10x_StdPeriph_Driver\src\stm32f10x_tim.o 
arm-atollic-eabi-gcc -c ..\Libraries\STM32F10x_StdPeriph_Driver\src\stm32f10x_gpio.c -mthumb -mcpu=cortex-m3 -std=gnu11 -DSTM32F10X_MD -DDEBUG -DUSE_STDPERIPH_DRIVER -I../src -I../Libraries/STM32F10x_StdPeriph_Driver/inc -I../Libraries/CMSIS/Device/ST/STM32F10x/Include -I../Libraries/CMSIS/Include -O0 -ffunction-sections -fdata-sections -g -fstack-usage -Wall -o Libraries\STM32F10x_StdPeriph_Driver\src\stm32f10x_gpio.o 
arm-atollic-eabi-gcc -c ..\src\system_stm32f10x.c -mthumb -mcpu=cortex-m3 -std=gnu11 -DSTM32F10X_MD -DDEBUG -DUSE_STDPERIPH_DRIVER -I../src -I../Libraries/STM32F10x_StdPeriph_Driver/inc -I../Libraries/CMSIS/Device/ST/STM32F10x/Include -I../Libraries/CMSIS/Include -O0 -ffunction-sections -fdata-sections -g -fstack-usage -Wall -o src\system_stm32f10x.o 
arm-atollic-eabi-gcc -c ..\Libraries\STM32F10x_StdPeriph_Driver\src\stm32f10x_wwdg.c -mthumb -mcpu=cortex-m3 -std=gnu11 -DSTM32F10X_MD -DDEBUG -DUSE_STDPERIPH_DRIVER -I../src -I../Libraries/STM32F10x_StdPeriph_Driver/inc -I../Libraries/CMSIS/Device/ST/STM32F10x/Include -I../Libraries/CMSIS/Include -O0 -ffunction-sections -fdata-sections -g -fstack-usage -Wall -o Libraries\STM32F10x_StdPeriph_Driver\src\stm32f10x_wwdg.o 
arm-atollic-eabi-gcc -c ..\Libraries\STM32F10x_StdPeriph_Driver\src\stm32f10x_dbgmcu.c -mthumb -mcpu=cortex-m3 -std=gnu11 -DSTM32F10X_MD -DDEBUG -DUSE_STDPERIPH_DRIVER -I../src -I../Libraries/STM32F10x_StdPeriph_Driver/inc -I../Libraries/CMSIS/Device/ST/STM32F10x/Include -I../Libraries/CMSIS/Include -O0 -ffunction-sections -fdata-sections -g -fstack-usage -Wall -o Libraries\STM32F10x_StdPeriph_Driver\src\stm32f10x_dbgmcu.o 
arm-atollic-eabi-gcc -c ..\src\main.c -mthumb -mcpu=cortex-m3 -std=gnu11 -DSTM32F10X_MD -DDEBUG -DUSE_STDPERIPH_DRIVER -I../src -I../Libraries/STM32F10x_StdPeriph_Driver/inc -I../Libraries/CMSIS/Device/ST/STM32F10x/Include -I../Libraries/CMSIS/Include -O0 -ffunction-sections -fdata-sections -g -fstack-usage -Wall -o src\main.o 
arm-atollic-eabi-gcc -c ..\Libraries\STM32F10x_StdPeriph_Driver\src\stm32f10x_bkp.c -mthumb -mcpu=cortex-m3 -std=gnu11 -DSTM32F10X_MD -DDEBUG -DUSE_STDPERIPH_DRIVER -I../src -I../Libraries/STM32F10x_StdPeriph_Driver/inc -I../Libraries/CMSIS/Device/ST/STM32F10x/Include -I../Libraries/CMSIS/Include -O0 -ffunction-sections -fdata-sections -g -fstack-usage -Wall -o Libraries\STM32F10x_StdPeriph_Driver\src\stm32f10x_bkp.o 
arm-atollic-eabi-gcc -c ..\Libraries\STM32F10x_StdPeriph_Driver\src\stm32f10x_i2c.c -mthumb -mcpu=cortex-m3 -std=gnu11 -DSTM32F10X_MD -DDEBUG -DUSE_STDPERIPH_DRIVER -I../src -I../Libraries/STM32F10x_StdPeriph_Driver/inc -I../Libraries/CMSIS/Device/ST/STM32F10x/Include -I../Libraries/CMSIS/Include -O0 -ffunction-sections -fdata-sections -g -fstack-usage -Wall -o Libraries\STM32F10x_StdPeriph_Driver\src\stm32f10x_i2c.o 
arm-atollic-eabi-gcc -c ..\Libraries\STM32F10x_StdPeriph_Driver\src\stm32f10x_crc.c -mthumb -mcpu=cortex-m3 -std=gnu11 -DSTM32F10X_MD -DDEBUG -DUSE_STDPERIPH_DRIVER -I../src -I../Libraries/STM32F10x_StdPeriph_Driver/inc -I../Libraries/CMSIS/Device/ST/STM32F10x/Include -I../Libraries/CMSIS/Include -O0 -ffunction-sections -fdata-sections -g -fstack-usage -Wall -o Libraries\STM32F10x_StdPeriph_Driver\src\stm32f10x_crc.o 
arm-atollic-eabi-gcc -c ..\Libraries\STM32F10x_StdPeriph_Driver\src\stm32f10x_rcc.c -mthumb -mcpu=cortex-m3 -std=gnu11 -DSTM32F10X_MD -DDEBUG -DUSE_STDPERIPH_DRIVER -I../src -I../Libraries/STM32F10x_StdPeriph_Driver/inc -I../Libraries/CMSIS/Device/ST/STM32F10x/Include -I../Libraries/CMSIS/Include -O0 -ffunction-sections -fdata-sections -g -fstack-usage -Wall -o Libraries\STM32F10x_StdPeriph_Driver\src\stm32f10x_rcc.o 
arm-atollic-eabi-gcc -c ..\Libraries\STM32F10x_StdPeriph_Driver\src\stm32f10x_exti.c -mthumb -mcpu=cortex-m3 -std=gnu11 -DSTM32F10X_MD -DDEBUG -DUSE_STDPERIPH_DRIVER -I../src -I../Libraries/STM32F10x_StdPeriph_Driver/inc -I../Libraries/CMSIS/Device/ST/STM32F10x/Include -I../Libraries/CMSIS/Include -O0 -ffunction-sections -fdata-sections -g -fstack-usage -Wall -o Libraries\STM32F10x_StdPeriph_Driver\src\stm32f10x_exti.o 
arm-atollic-eabi-gcc -c ..\Libraries\STM32F10x_StdPeriph_Driver\src\misc.c -mthumb -mcpu=cortex-m3 -std=gnu11 -DSTM32F10X_MD -DDEBUG -DUSE_STDPERIPH_DRIVER -I../src -I../Libraries/STM32F10x_StdPeriph_Driver/inc -I../Libraries/CMSIS/Device/ST/STM32F10x/Include -I../Libraries/CMSIS/Include -O0 -ffunction-sections -fdata-sections -g -fstack-usage -Wall -o Libraries\STM32F10x_StdPeriph_Driver\src\misc.o 
arm-atollic-eabi-gcc -c ..\Libraries\STM32F10x_StdPeriph_Driver\src\stm32f10x_pwr.c -mthumb -mcpu=cortex-m3 -std=gnu11 -DSTM32F10X_MD -DDEBUG -DUSE_STDPERIPH_DRIVER -I../src -I../Libraries/STM32F10x_StdPeriph_Driver/inc -I../Libraries/CMSIS/Device/ST/STM32F10x/Include -I../Libraries/CMSIS/Include -O0 -ffunction-sections -fdata-sections -g -fstack-usage -Wall -o Libraries\STM32F10x_StdPeriph_Driver\src\stm32f10x_pwr.o 
arm-atollic-eabi-gcc -c ..\Libraries\STM32F10x_StdPeriph_Driver\src\stm32f10x_cec.c -mthumb -mcpu=cortex-m3 -std=gnu11 -DSTM32F10X_MD -DDEBUG -DUSE_STDPERIPH_DRIVER -I../src -I../Libraries/STM32F10x_StdPeriph_Driver/inc -I../Libraries/CMSIS/Device/ST/STM32F10x/Include -I../Libraries/CMSIS/Include -O0 -ffunction-sections -fdata-sections -g -fstack-usage -Wall -o Libraries\STM32F10x_StdPeriph_Driver\src\stm32f10x_cec.o 
arm-atollic-eabi-gcc -c ..\Libraries\STM32F10x_StdPeriph_Driver\src\stm32f10x_iwdg.c -mthumb -mcpu=cortex-m3 -std=gnu11 -DSTM32F10X_MD -DDEBUG -DUSE_STDPERIPH_DRIVER -I../src -I../Libraries/STM32F10x_StdPeriph_Driver/inc -I../Libraries/CMSIS/Device/ST/STM32F10x/Include -I../Libraries/CMSIS/Include -O0 -ffunction-sections -fdata-sections -g -fstack-usage -Wall -o Libraries\STM32F10x_StdPeriph_Driver\src\stm32f10x_iwdg.o 
arm-atollic-eabi-gcc -c ..\src\stm32f1xx_it.c -mthumb -mcpu=cortex-m3 -std=gnu11 -DSTM32F10X_MD -DDEBUG -DUSE_STDPERIPH_DRIVER -I../src -I../Libraries/STM32F10x_StdPeriph_Driver/inc -I../Libraries/CMSIS/Device/ST/STM32F10x/Include -I../Libraries/CMSIS/Include -O0 -ffunction-sections -fdata-sections -g -fstack-usage -Wall -o src\stm32f1xx_it.o 
arm-atollic-eabi-gcc -c ..\src\tiny_printf.c -mthumb -mcpu=cortex-m3 -std=gnu11 -DSTM32F10X_MD -DDEBUG -DUSE_STDPERIPH_DRIVER -I../src -I../Libraries/STM32F10x_StdPeriph_Driver/inc -I../Libraries/CMSIS/Device/ST/STM32F10x/Include -I../Libraries/CMSIS/Include -O0 -ffunction-sections -fdata-sections -g -fstack-usage -Wall -o src\tiny_printf.o 
arm-atollic-eabi-gcc -c ..\Libraries\STM32F10x_StdPeriph_Driver\src\stm32f10x_dma.c -mthumb -mcpu=cortex-m3 -std=gnu11 -DSTM32F10X_MD -DDEBUG -DUSE_STDPERIPH_DRIVER -I../src -I../Libraries/STM32F10x_StdPeriph_Driver/inc -I../Libraries/CMSIS/Device/ST/STM32F10x/Include -I../Libraries/CMSIS/Include -O0 -ffunction-sections -fdata-sections -g -fstack-usage -Wall -o Libraries\STM32F10x_StdPeriph_Driver\src\stm32f10x_dma.o 
arm-atollic-eabi-gcc -c ..\Libraries\STM32F10x_StdPeriph_Driver\src\stm32f10x_adc.c -mthumb -mcpu=cortex-m3 -std=gnu11 -DSTM32F10X_MD -DDEBUG -DUSE_STDPERIPH_DRIVER -I../src -I../Libraries/STM32F10x_StdPeriph_Driver/inc -I../Libraries/CMSIS/Device/ST/STM32F10x/Include -I../Libraries/CMSIS/Include -O0 -ffunction-sections -fdata-sections -g -fstack-usage -Wall -o Libraries\STM32F10x_StdPeriph_Driver\src\stm32f10x_adc.o 
arm-atollic-eabi-gcc -c ..\Libraries\STM32F10x_StdPeriph_Driver\src\stm32f10x_usart.c -mthumb -mcpu=cortex-m3 -std=gnu11 -DSTM32F10X_MD -DDEBUG -DUSE_STDPERIPH_DRIVER -I../src -I../Libraries/STM32F10x_StdPeriph_Driver/inc -I../Libraries/CMSIS/Device/ST/STM32F10x/Include -I../Libraries/CMSIS/Include -O0 -ffunction-sections -fdata-sections -g -fstack-usage -Wall -o Libraries\STM32F10x_StdPeriph_Driver\src\stm32f10x_usart.o 
arm-atollic-eabi-gcc -c ..\Libraries\STM32F10x_StdPeriph_Driver\src\stm32f10x_sdio.c -mthumb -mcpu=cortex-m3 -std=gnu11 -DSTM32F10X_MD -DDEBUG -DUSE_STDPERIPH_DRIVER -I../src -I../Libraries/STM32F10x_StdPeriph_Driver/inc -I../Libraries/CMSIS/Device/ST/STM32F10x/Include -I../Libraries/CMSIS/Include -O0 -ffunction-sections -fdata-sections -g -fstack-usage -Wall -o Libraries\STM32F10x_StdPeriph_Driver\src\stm32f10x_sdio.o 
arm-atollic-eabi-gcc -c ..\Libraries\STM32F10x_StdPeriph_Driver\src\stm32f10x_fsmc.c -mthumb -mcpu=cortex-m3 -std=gnu11 -DSTM32F10X_MD -DDEBUG -DUSE_STDPERIPH_DRIVER -I../src -I../Libraries/STM32F10x_StdPeriph_Driver/inc -I../Libraries/CMSIS/Device/ST/STM32F10x/Include -I../Libraries/CMSIS/Include -O0 -ffunction-sections -fdata-sections -g -fstack-usage -Wall -o Libraries\STM32F10x_StdPeriph_Driver\src\stm32f10x_fsmc.o 
arm-atollic-eabi-gcc -c -mthumb -mcpu=cortex-m3 -DSTM32F10X_MD -DUSE_STDPERIPH_DRIVER -I../src -I../Libraries/STM32F10x_StdPeriph_Driver/inc -I../Libraries/CMSIS/Device/ST/STM32F10x/Include -I../Libraries/CMSIS/Include -g -Wa,--warn -x assembler-with-cpp -o src\startup_stm32f10x_md.o ..\src\startup_stm32f10x_md.s 
arm-atollic-eabi-gcc -c ..\Libraries\STM32F10x_StdPeriph_Driver\src\stm32f10x_rtc.c -mthumb -mcpu=cortex-m3 -std=gnu11 -DSTM32F10X_MD -DDEBUG -DUSE_STDPERIPH_DRIVER -I../src -I../Libraries/STM32F10x_StdPeriph_Driver/inc -I../Libraries/CMSIS/Device/ST/STM32F10x/Include -I../Libraries/CMSIS/Include -O0 -ffunction-sections -fdata-sections -g -fstack-usage -Wall -o Libraries\STM32F10x_StdPeriph_Driver\src\stm32f10x_rtc.o 
arm-atollic-eabi-gcc -c ..\Libraries\STM32F10x_StdPeriph_Driver\src\stm32f10x_flash.c -mthumb -mcpu=cortex-m3 -std=gnu11 -DSTM32F10X_MD -DDEBUG -DUSE_STDPERIPH_DRIVER -I../src -I../Libraries/STM32F10x_StdPeriph_Driver/inc -I../Libraries/CMSIS/Device/ST/STM32F10x/Include -I../Libraries/CMSIS/Include -O0 -ffunction-sections -fdata-sections -g -fstack-usage -Wall -o Libraries\STM32F10x_StdPeriph_Driver\src\stm32f10x_flash.o 
arm-atollic-eabi-gcc -c ..\Libraries\STM32F10x_StdPeriph_Driver\src\stm32f10x_can.c -mthumb -mcpu=cortex-m3 -std=gnu11 -DSTM32F10X_MD -DDEBUG -DUSE_STDPERIPH_DRIVER -I../src -I../Libraries/STM32F10x_StdPeriph_Driver/inc -I../Libraries/CMSIS/Device/ST/STM32F10x/Include -I../Libraries/CMSIS/Include -O0 -ffunction-sections -fdata-sections -g -fstack-usage -Wall -o Libraries\STM32F10x_StdPeriph_Driver\src\stm32f10x_can.o 
arm-atollic-eabi-gcc -c ..\Libraries\STM32F10x_StdPeriph_Driver\src\stm32f10x_spi.c -mthumb -mcpu=cortex-m3 -std=gnu11 -DSTM32F10X_MD -DDEBUG -DUSE_STDPERIPH_DRIVER -I../src -I../Libraries/STM32F10x_StdPeriph_Driver/inc -I../Libraries/CMSIS/Device/ST/STM32F10x/Include -I../Libraries/CMSIS/Include -O0 -ffunction-sections -fdata-sections -g -fstack-usage -Wall -o Libraries\STM32F10x_StdPeriph_Driver\src\stm32f10x_spi.o 
arm-atollic-eabi-gcc -c ..\src\periph_init.c -mthumb -mcpu=cortex-m3 -std=gnu11 -DSTM32F10X_MD -DDEBUG -DUSE_STDPERIPH_DRIVER -I../src -I../Libraries/STM32F10x_StdPeriph_Driver/inc -I../Libraries/CMSIS/Device/ST/STM32F10x/Include -I../Libraries/CMSIS/Include -O0 -ffunction-sections -fdata-sections -g -fstack-usage -Wall -o src\periph_init.o 
In file included from ..\src\periph_init.c:14:0:
..\src\defs.h:12:9: note: #pragma message: debug configuration
 #pragma message "debug configuration"
         ^~~~~~~
..\src\periph_init.c: In function 'adc_init':
..\src\periph_init.c:179:25: error: 'ADC_CHANNELS' undeclared (first use in this function)
  adc.ADC_NbrOfChannel = ADC_CHANNELS;
                         ^~~~~~~~~~~~
..\src\periph_init.c:179:25: note: each undeclared identifier is reported only once for each function it appears in
14:23:42 **** Rebuild of configuration Debug for project stm32_t12_soldering_station ****
Info: Internal Builder is used for build
arm-atollic-eabi-gcc -c ..\Libraries\STM32F10x_StdPeriph_Driver\src\stm32f10x_crc.c -mthumb -mcpu=cortex-m3 -std=gnu11 -DSTM32F10X_MD -DDEBUG -DUSE_STDPERIPH_DRIVER -I../src -I../Libraries/STM32F10x_StdPeriph_Driver/inc -I../Libraries/CMSIS/Device/ST/STM32F10x/Include -I../Libraries/CMSIS/Include -O0 -ffunction-sections -fdata-sections -g -fstack-usage -Wall -o Libraries\STM32F10x_StdPeriph_Driver\src\stm32f10x_crc.o 
arm-atollic-eabi-gcc -c ..\Libraries\STM32F10x_StdPeriph_Driver\src\stm32f10x_fsmc.c -mthumb -mcpu=cortex-m3 -std=gnu11 -DSTM32F10X_MD -DDEBUG -DUSE_STDPERIPH_DRIVER -I../src -I../Libraries/STM32F10x_StdPeriph_Driver/inc -I../Libraries/CMSIS/Device/ST/STM32F10x/Include -I../Libraries/CMSIS/Include -O0 -ffunction-sections -fdata-sections -g -fstack-usage -Wall -o Libraries\STM32F10x_StdPeriph_Driver\src\stm32f10x_fsmc.o 
arm-atollic-eabi-gcc -c -mthumb -mcpu=cortex-m3 -DSTM32F10X_MD -DUSE_STDPERIPH_DRIVER -I../src -I../Libraries/STM32F10x_StdPeriph_Driver/inc -I../Libraries/CMSIS/Device/ST/STM32F10x/Include -I../Libraries/CMSIS/Include -g -Wa,--warn -x assembler-with-cpp -o src\startup_stm32f10x_md.o ..\src\startup_stm32f10x_md.s 
arm-atollic-eabi-gcc -c ..\Libraries\STM32F10x_StdPeriph_Driver\src\stm32f10x_adc.c -mthumb -mcpu=cortex-m3 -std=gnu11 -DSTM32F10X_MD -DDEBUG -DUSE_STDPERIPH_DRIVER -I../src -I../Libraries/STM32F10x_StdPeriph_Driver/inc -I../Libraries/CMSIS/Device/ST/STM32F10x/Include -I../Libraries/CMSIS/Include -O0 -ffunction-sections -fdata-sections -g -fstack-usage -Wall -o Libraries\STM32F10x_StdPeriph_Driver\src\stm32f10x_adc.o 
arm-atollic-eabi-gcc -c ..\Libraries\STM32F10x_StdPeriph_Driver\src\stm32f10x_bkp.c -mthumb -mcpu=cortex-m3 -std=gnu11 -DSTM32F10X_MD -DDEBUG -DUSE_STDPERIPH_DRIVER -I../src -I../Libraries/STM32F10x_StdPeriph_Driver/inc -I../Libraries/CMSIS/Device/ST/STM32F10x/Include -I../Libraries/CMSIS/Include -O0 -ffunction-sections -fdata-sections -g -fstack-usage -Wall -o Libraries\STM32F10x_StdPeriph_Driver\src\stm32f10x_bkp.o 
arm-atollic-eabi-gcc -c ..\Libraries\STM32F10x_StdPeriph_Driver\src\stm32f10x_usart.c -mthumb -mcpu=cortex-m3 -std=gnu11 -DSTM32F10X_MD -DDEBUG -DUSE_STDPERIPH_DRIVER -I../src -I../Libraries/STM32F10x_StdPeriph_Driver/inc -I../Libraries/CMSIS/Device/ST/STM32F10x/Include -I../Libraries/CMSIS/Include -O0 -ffunction-sections -fdata-sections -g -fstack-usage -Wall -o Libraries\STM32F10x_StdPeriph_Driver\src\stm32f10x_usart.o 
arm-atollic-eabi-gcc -c ..\Libraries\STM32F10x_StdPeriph_Driver\src\stm32f10x_dbgmcu.c -mthumb -mcpu=cortex-m3 -std=gnu11 -DSTM32F10X_MD -DDEBUG -DUSE_STDPERIPH_DRIVER -I../src -I../Libraries/STM32F10x_StdPeriph_Driver/inc -I../Libraries/CMSIS/Device/ST/STM32F10x/Include -I../Libraries/CMSIS/Include -O0 -ffunction-sections -fdata-sections -g -fstack-usage -Wall -o Libraries\STM32F10x_StdPeriph_Driver\src\stm32f10x_dbgmcu.o 
arm-atollic-eabi-gcc -c ..\src\periph_init.c -mthumb -mcpu=cortex-m3 -std=gnu11 -DSTM32F10X_MD -DDEBUG -DUSE_STDPERIPH_DRIVER -I../src -I../Libraries/STM32F10x_StdPeriph_Driver/inc -I../Libraries/CMSIS/Device/ST/STM32F10x/Include -I../Libraries/CMSIS/Include -O0 -ffunction-sections -fdata-sections -g -fstack-usage -Wall -o src\periph_init.o 
In file included from ..\src\periph_init.c:14:0:
..\src\defs.h:12:9: note: #pragma message: debug configuration
 #pragma message "debug configuration"
         ^~~~~~~
arm-atollic-eabi-gcc -c ..\src\system_stm32f10x.c -mthumb -mcpu=cortex-m3 -std=gnu11 -DSTM32F10X_MD -DDEBUG -DUSE_STDPERIPH_DRIVER -I../src -I../Libraries/STM32F10x_StdPeriph_Driver/inc -I../Libraries/CMSIS/Device/ST/STM32F10x/Include -I../Libraries/CMSIS/Include -O0 -ffunction-sections -fdata-sections -g -fstack-usage -Wall -o src\system_stm32f10x.o 
arm-atollic-eabi-gcc -c ..\Libraries\STM32F10x_StdPeriph_Driver\src\stm32f10x_i2c.c -mthumb -mcpu=cortex-m3 -std=gnu11 -DSTM32F10X_MD -DDEBUG -DUSE_STDPERIPH_DRIVER -I../src -I../Libraries/STM32F10x_StdPeriph_Driver/inc -I../Libraries/CMSIS/Device/ST/STM32F10x/Include -I../Libraries/CMSIS/Include -O0 -ffunction-sections -fdata-sections -g -fstack-usage -Wall -o Libraries\STM32F10x_StdPeriph_Driver\src\stm32f10x_i2c.o 
arm-atollic-eabi-gcc -c ..\Libraries\STM32F10x_StdPeriph_Driver\src\stm32f10x_can.c -mthumb -mcpu=cortex-m3 -std=gnu11 -DSTM32F10X_MD -DDEBUG -DUSE_STDPERIPH_DRIVER -I../src -I../Libraries/STM32F10x_StdPeriph_Driver/inc -I../Libraries/CMSIS/Device/ST/STM32F10x/Include -I../Libraries/CMSIS/Include -O0 -ffunction-sections -fdata-sections -g -fstack-usage -Wall -o Libraries\STM32F10x_StdPeriph_Driver\src\stm32f10x_can.o 
arm-atollic-eabi-gcc -c ..\Libraries\STM32F10x_StdPeriph_Driver\src\stm32f10x_dma.c -mthumb -mcpu=cortex-m3 -std=gnu11 -DSTM32F10X_MD -DDEBUG -DUSE_STDPERIPH_DRIVER -I../src -I../Libraries/STM32F10x_StdPeriph_Driver/inc -I../Libraries/CMSIS/Device/ST/STM32F10x/Include -I../Libraries/CMSIS/Include -O0 -ffunction-sections -fdata-sections -g -fstack-usage -Wall -o Libraries\STM32F10x_StdPeriph_Driver\src\stm32f10x_dma.o 
arm-atollic-eabi-gcc -c ..\Libraries\STM32F10x_StdPeriph_Driver\src\stm32f10x_exti.c -mthumb -mcpu=cortex-m3 -std=gnu11 -DSTM32F10X_MD -DDEBUG -DUSE_STDPERIPH_DRIVER -I../src -I../Libraries/STM32F10x_StdPeriph_Driver/inc -I../Libraries/CMSIS/Device/ST/STM32F10x/Include -I../Libraries/CMSIS/Include -O0 -ffunction-sections -fdata-sections -g -fstack-usage -Wall -o Libraries\STM32F10x_StdPeriph_Driver\src\stm32f10x_exti.o 
arm-atollic-eabi-gcc -c ..\src\main.c -mthumb -mcpu=cortex-m3 -std=gnu11 -DSTM32F10X_MD -DDEBUG -DUSE_STDPERIPH_DRIVER -I../src -I../Libraries/STM32F10x_StdPeriph_Driver/inc -I../Libraries/CMSIS/Device/ST/STM32F10x/Include -I../Libraries/CMSIS/Include -O0 -ffunction-sections -fdata-sections -g -fstack-usage -Wall -o src\main.o 
arm-atollic-eabi-gcc -c ..\Libraries\STM32F10x_StdPeriph_Driver\src\stm32f10x_gpio.c -mthumb -mcpu=cortex-m3 -std=gnu11 -DSTM32F10X_MD -DDEBUG -DUSE_STDPERIPH_DRIVER -I../src -I../Libraries/STM32F10x_StdPeriph_Driver/inc -I../Libraries/CMSIS/Device/ST/STM32F10x/Include -I../Libraries/CMSIS/Include -O0 -ffunction-sections -fdata-sections -g -fstack-usage -Wall -o Libraries\STM32F10x_StdPeriph_Driver\src\stm32f10x_gpio.o 
arm-atollic-eabi-gcc -c ..\Libraries\STM32F10x_StdPeriph_Driver\src\stm32f10x_spi.c -mthumb -mcpu=cortex-m3 -std=gnu11 -DSTM32F10X_MD -DDEBUG -DUSE_STDPERIPH_DRIVER -I../src -I../Libraries/STM32F10x_StdPeriph_Driver/inc -I../Libraries/CMSIS/Device/ST/STM32F10x/Include -I../Libraries/CMSIS/Include -O0 -ffunction-sections -fdata-sections -g -fstack-usage -Wall -o Libraries\STM32F10x_StdPeriph_Driver\src\stm32f10x_spi.o 
arm-atollic-eabi-gcc -c ..\Libraries\STM32F10x_StdPeriph_Driver\src\stm32f10x_tim.c -mthumb -mcpu=cortex-m3 -std=gnu11 -DSTM32F10X_MD -DDEBUG -DUSE_STDPERIPH_DRIVER -I../src -I../Libraries/STM32F10x_StdPeriph_Driver/inc -I../Libraries/CMSIS/Device/ST/STM32F10x/Include -I../Libraries/CMSIS/Include -O0 -ffunction-sections -fdata-sections -g -fstack-usage -Wall -o Libraries\STM32F10x_StdPeriph_Driver\src\stm32f10x_tim.o 
arm-atollic-eabi-gcc -c ..\Libraries\STM32F10x_StdPeriph_Driver\src\stm32f10x_iwdg.c -mthumb -mcpu=cortex-m3 -std=gnu11 -DSTM32F10X_MD -DDEBUG -DUSE_STDPERIPH_DRIVER -I../src -I../Libraries/STM32F10x_StdPeriph_Driver/inc -I../Libraries/CMSIS/Device/ST/STM32F10x/Include -I../Libraries/CMSIS/Include -O0 -ffunction-sections -fdata-sections -g -fstack-usage -Wall -o Libraries\STM32F10x_StdPeriph_Driver\src\stm32f10x_iwdg.o 
arm-atollic-eabi-gcc -c ..\Libraries\STM32F10x_StdPeriph_Driver\src\stm32f10x_rcc.c -mthumb -mcpu=cortex-m3 -std=gnu11 -DSTM32F10X_MD -DDEBUG -DUSE_STDPERIPH_DRIVER -I../src -I../Libraries/STM32F10x_StdPeriph_Driver/inc -I../Libraries/CMSIS/Device/ST/STM32F10x/Include -I../Libraries/CMSIS/Include -O0 -ffunction-sections -fdata-sections -g -fstack-usage -Wall -o Libraries\STM32F10x_StdPeriph_Driver\src\stm32f10x_rcc.o 
arm-atollic-eabi-gcc -c ..\Libraries\STM32F10x_StdPeriph_Driver\src\stm32f10x_sdio.c -mthumb -mcpu=cortex-m3 -std=gnu11 -DSTM32F10X_MD -DDEBUG -DUSE_STDPERIPH_DRIVER -I../src -I../Libraries/STM32F10x_StdPeriph_Driver/inc -I../Libraries/CMSIS/Device/ST/STM32F10x/Include -I../Libraries/CMSIS/Include -O0 -ffunction-sections -fdata-sections -g -fstack-usage -Wall -o Libraries\STM32F10x_StdPeriph_Driver\src\stm32f10x_sdio.o 
arm-atollic-eabi-gcc -c ..\Libraries\STM32F10x_StdPeriph_Driver\src\stm32f10x_flash.c -mthumb -mcpu=cortex-m3 -std=gnu11 -DSTM32F10X_MD -DDEBUG -DUSE_STDPERIPH_DRIVER -I../src -I../Libraries/STM32F10x_StdPeriph_Driver/inc -I../Libraries/CMSIS/Device/ST/STM32F10x/Include -I../Libraries/CMSIS/Include -O0 -ffunction-sections -fdata-sections -g -fstack-usage -Wall -o Libraries\STM32F10x_StdPeriph_Driver\src\stm32f10x_flash.o 
arm-atollic-eabi-gcc -c ..\Libraries\STM32F10x_StdPeriph_Driver\src\stm32f10x_dac.c -mthumb -mcpu=cortex-m3 -std=gnu11 -DSTM32F10X_MD -DDEBUG -DUSE_STDPERIPH_DRIVER -I../src -I../Libraries/STM32F10x_StdPeriph_Driver/inc -I../Libraries/CMSIS/Device/ST/STM32F10x/Include -I../Libraries/CMSIS/Include -O0 -ffunction-sections -fdata-sections -g -fstack-usage -Wall -o Libraries\STM32F10x_StdPeriph_Driver\src\stm32f10x_dac.o 
arm-atollic-eabi-gcc -c ..\Libraries\STM32F10x_StdPeriph_Driver\src\stm32f10x_rtc.c -mthumb -mcpu=cortex-m3 -std=gnu11 -DSTM32F10X_MD -DDEBUG -DUSE_STDPERIPH_DRIVER -I../src -I../Libraries/STM32F10x_StdPeriph_Driver/inc -I../Libraries/CMSIS/Device/ST/STM32F10x/Include -I../Libraries/CMSIS/Include -O0 -ffunction-sections -fdata-sections -g -fstack-usage -Wall -o Libraries\STM32F10x_StdPeriph_Driver\src\stm32f10x_rtc.o 
arm-atollic-eabi-gcc -c ..\src\stm32f1xx_it.c -mthumb -mcpu=cortex-m3 -std=gnu11 -DSTM32F10X_MD -DDEBUG -DUSE_STDPERIPH_DRIVER -I../src -I../Libraries/STM32F10x_StdPeriph_Driver/inc -I../Libraries/CMSIS/Device/ST/STM32F10x/Include -I../Libraries/CMSIS/Include -O0 -ffunction-sections -fdata-sections -g -fstack-usage -Wall -o src\stm32f1xx_it.o 
arm-atollic-eabi-gcc -c ..\Libraries\STM32F10x_StdPeriph_Driver\src\stm32f10x_wwdg.c -mthumb -mcpu=cortex-m3 -std=gnu11 -DSTM32F10X_MD -DDEBUG -DUSE_STDPERIPH_DRIVER -I../src -I../Libraries/STM32F10x_StdPeriph_Driver/inc -I../Libraries/CMSIS/Device/ST/STM32F10x/Include -I../Libraries/CMSIS/Include -O0 -ffunction-sections -fdata-sections -g -fstack-usage -Wall -o Libraries\STM32F10x_StdPeriph_Driver\src\stm32f10x_wwdg.o 
arm-atollic-eabi-gcc -c ..\Libraries\STM32F10x_StdPeriph_Driver\src\stm32f10x_cec.c -mthumb -mcpu=cortex-m3 -std=gnu11 -DSTM32F10X_MD -DDEBUG -DUSE_STDPERIPH_DRIVER -I../src -I../Libraries/STM32F10x_StdPeriph_Driver/inc -I../Libraries/CMSIS/Device/ST/STM32F10x/Include -I../Libraries/CMSIS/Include -O0 -ffunction-sections -fdata-sections -g -fstack-usage -Wall -o Libraries\STM32F10x_StdPeriph_Driver\src\stm32f10x_cec.o 
arm-atollic-eabi-gcc -c ..\src\tiny_printf.c -mthumb -mcpu=cortex-m3 -std=gnu11 -DSTM32F10X_MD -DDEBUG -DUSE_STDPERIPH_DRIVER -I../src -I../Libraries/STM32F10x_StdPeriph_Driver/inc -I../Libraries/CMSIS/Device/ST/STM32F10x/Include -I../Libraries/CMSIS/Include -O0 -ffunction-sections -fdata-sections -g -fstack-usage -Wall -o src\tiny_printf.o 
arm-atollic-eabi-gcc -c ..\Libraries\STM32F10x_StdPeriph_Driver\src\stm32f10x_pwr.c -mthumb -mcpu=cortex-m3 -std=gnu11 -DSTM32F10X_MD -DDEBUG -DUSE_STDPERIPH_DRIVER -I../src -I../Libraries/STM32F10x_StdPeriph_Driver/inc -I../Libraries/CMSIS/Device/ST/STM32F10x/Include -I../Libraries/CMSIS/Include -O0 -ffunction-sections -fdata-sections -g -fstack-usage -Wall -o Libraries\STM32F10x_StdPeriph_Driver\src\stm32f10x_pwr.o 
arm-atollic-eabi-gcc -c ..\Libraries\STM32F10x_StdPeriph_Driver\src\misc.c -mthumb -mcpu=cortex-m3 -std=gnu11 -DSTM32F10X_MD -DDEBUG -DUSE_STDPERIPH_DRIVER -I../src -I../Libraries/STM32F10x_StdPeriph_Driver/inc -I../Libraries/CMSIS/Device/ST/STM32F10x/Include -I../Libraries/CMSIS/Include -O0 -ffunction-sections -fdata-sections -g -fstack-usage -Wall -o Libraries\STM32F10x_StdPeriph_Driver\src\misc.o 
arm-atollic-eabi-gcc -o stm32_t12_soldering_station.elf Libraries\STM32F10x_StdPeriph_Driver\src\misc.o Libraries\STM32F10x_StdPeriph_Driver\src\stm32f10x_adc.o Libraries\STM32F10x_StdPeriph_Driver\src\stm32f10x_bkp.o Libraries\STM32F10x_StdPeriph_Driver\src\stm32f10x_can.o Libraries\STM32F10x_StdPeriph_Driver\src\stm32f10x_cec.o Libraries\STM32F10x_StdPeriph_Driver\src\stm32f10x_crc.o Libraries\STM32F10x_StdPeriph_Driver\src\stm32f10x_dac.o Libraries\STM32F10x_StdPeriph_Driver\src\stm32f10x_dbgmcu.o Libraries\STM32F10x_StdPeriph_Driver\src\stm32f10x_dma.o Libraries\STM32F10x_StdPeriph_Driver\src\stm32f10x_exti.o Libraries\STM32F10x_StdPeriph_Driver\src\stm32f10x_flash.o Libraries\STM32F10x_StdPeriph_Driver\src\stm32f10x_fsmc.o Libraries\STM32F10x_StdPeriph_Driver\src\stm32f10x_gpio.o Libraries\STM32F10x_StdPeriph_Driver\src\stm32f10x_i2c.o Libraries\STM32F10x_StdPeriph_Driver\src\stm32f10x_iwdg.o Libraries\STM32F10x_StdPeriph_Driver\src\stm32f10x_pwr.o Libraries\STM32F10x_StdPeriph_Driver\src\stm32f10x_rcc.o Libraries\STM32F10x_StdPeriph_Driver\src\stm32f10x_rtc.o Libraries\STM32F10x_StdPeriph_Driver\src\stm32f10x_sdio.o Libraries\STM32F10x_StdPeriph_Driver\src\stm32f10x_spi.o Libraries\STM32F10x_StdPeriph_Driver\src\stm32f10x_tim.o Libraries\STM32F10x_StdPeriph_Driver\src\stm32f10x_usart.o Libraries\STM32F10x_StdPeriph_Driver\src\stm32f10x_wwdg.o src\main.o src\periph_init.o src\startup_stm32f10x_md.o src\stm32f1xx_it.o src\system_stm32f10x.o src\tiny_printf.o -mthumb -mcpu=cortex-m3 -T../stm32_flash.ld -specs=nosys.specs -static -Wl,-cref,-u,Reset_Handler -Wl,-Map=stm32_t12_soldering_station.map -Wl,--gc-sections -Wl,--defsym=malloc_getpagesize_P=0x80 -Wl,--start-group -lc -lm -Wl,--end-group 
C:\Program Files (x86)\Atollic\TrueSTUDIO for STM32 9.3.0\ide\jre\bin\java -jar C:\Program Files (x86)\Atollic\TrueSTUDIO for STM32 9.3.0\Tools\arm-atollic-reports.jar sizeinfo list stm32_t12_soldering_station.elf 
Generate build reports...
Print size information
   text	   data	    bss	    dec	    hex	filename
   3552	     12	    296	   3860	    f14	stm32_t12_soldering_station.elf
Print size information done
Generate listing file
Output sent to: stm32_t12_soldering_station.list
Generate listing file done
Generate build reports done
